// Vitest Snapshot v1, https://vitest.dev/guide/snapshot.html

exports[`SaveAccountFilterForm > matches snapshot 1`] = `
<div>
  <form
    aria-label="Save account filter form"
    autocomplete="off"
    id="save-account-filter-form"
  >
    <div
      class="flex gap-4"
    >
      <div
        class="relative w-full"
      >
        <div
          class="pointer-events-none absolute inset-y-0 left-0 flex items-center pl-3"
        >
          <span
            class="text-lg font-medium text-slate-500"
          >
            /
          </span>
        </div>
        <input
          aria-label="Account filter input"
          class="w-full rounded-sm border border-transparent bg-slate-700 leading-6 placeholder:text-slate-500 focus:border-orange-400 focus:bg-transparent focus:ring-orange-400 focus:placeholder:text-slate-600 px-6"
          inputmode="text"
          name="accountFilter"
          placeholder="team-(sandbox|dev)"
          type="text"
        />
        <div
          class="pointer-events-none absolute inset-y-0 right-0 flex items-center pr-3"
        >
          <span
            class="text-lg font-medium text-slate-500"
          >
            /
          </span>
        </div>
      </div>
      <button
        aria-label="Save account filter"
        class="inline-flex select-none items-center justify-center rounded-sm bg-orange-400 px-4 py-1.5 text-base font-medium leading-6 text-slate-900 transition-colors duration-150 hover:bg-orange-500 focus-visible:bg-orange-600 active:bg-orange-600 min-w-[6rem]"
        type="submit"
      >
        Save
      </button>
    </div>
  </form>
</div>
`;
